<?xml version='1.0' encoding='ISO-8859-1' standalone='yes' ?>
<map version="1.0">
    <contentbaselocation>B390ClientUsersGuide50.html</contentbaselocation>
    <mapID target="process_reference_link_metadata" url="http://w3.sdwb.ibm.com/b390doc50/B390ProcessRef50.html#h1xdefine"></mapID>
    <mapID target="service_process_guide_aeprocess" url="http://w3.sdwb.ibm.com/b390doc50/B390ServiceProcessGuide50.html#h1xaeproc"></mapID>
    <mapID target="top" url="ToC"></mapID>
    <mapID target="tableofcontents" url="ToC"></mapID>
    <mapID target="figures" url="HDRFIGLIST_START"></mapID>
    <mapID target="about" url="Header_2"></mapID>
    <mapID target="who_should_read_this_book" url="Header_3"></mapID>
    <mapID target="what_else_should_you_read" url="Header_4"></mapID>
    <mapID target="what_has_changed" url="Header_5"></mapID>
    <mapID target="what_has_changed_SDWB1278" url="hdrusermod"></mapID>
    <mapID target="what_has_changed_SDWB1457" url="hdrreqdef"></mapID>
    <mapID target="what_has_changed_SDWB1489" url="hdrprmg"></mapID>
    <mapID target="what_has_changed_SDWB1777" url="hdrrunub"></mapID>
    <mapID target="what_has_changed_SDWB1964" url="hdrrunub"></mapID>
    <mapID target="what_has_changed_SDWB1980" url="hdrabout"></mapID>
    <mapID target="what_has_changed_SDWB2019" url="hdrabout"></mapID>
    <mapID target="what_has_changed_SDWB2058" url="hdrptme"></mapID>
    <mapID target="what_has_changed_SDWB2088" url="hdrclient"></mapID>
    
    <mapID target="what_has_changed_SDWB2359" url="hdrclient"></mapID>
    <mapID target="what_has_changed_SDWB2363" url="hdrclient"></mapID>
    <mapID target="what_has_changed_SDWB2393" url="hdrclient"></mapID>
    <mapID target="what_has_changed_SDWB2394" url="hdrclient"></mapID>
    <mapID target="what_has_changed_SDWB2395" url="hdrclient"></mapID>
    <mapID target="what_has_changed_SDWB2396" url="hdrclient"></mapID>
    <mapID target="what_has_changed_SDWB2397" url="hdrclient"></mapID>
    <mapID target="what_has_changed_SDWB2398" url="hdrclient"></mapID>
    <mapID target="what_has_changed_SDWB2406" url="hdrclient"></mapID>
    <mapID target="what_has_changed_SDWB2392" url="hdrclient"></mapID>
    <mapID target="what_has_changed_INT1095" url="hdrsord"></mapID>
    <mapID target="what_has_changed_PTM2686" url="hdridpw"></mapID>
    <mapID target="what_has_changed_PTM2711" url="hdrusermod"></mapID>
    <mapID target="what_has_changed_updates_from_sources" url="Header_17"></mapID>
    <mapID target="what_has_changed_updates_after_GA" url="Header_18"></mapID>
    <mapID target="chapter1_introduction" url="HDRINTRO"></mapID>
    <mapID target="chapter2_requirements" url="HDRHSREC"></mapID>
    <mapID target="chapter2_connection_req" url="Header_21"></mapID>
    <mapID target="chapter2_minimum_hardware_req" url="Header_22"></mapID>
    <mapID target="chapter2_b390_client_option" url="Header_23"></mapID>
    <mapID target="chapter2_b390_client_gui" url="Header_24"></mapID>
    <mapID target="chapter2_uss_command_line_client" url="HDRUSSCL"></mapID>
    <mapID target="chapter2_bpxprm00_settings" url="Header_29"></mapID>
    <mapID target="chapter2_b390_client_input_mode" url="Header_30"></mapID>
    <mapID target="chapter2_cmvc_requirements" url="HDRCMVCC"></mapID>
    <mapID target="chapter2_before_you_begin" url="Header_32"></mapID>
    <mapID target="chapter2_cmvc_permissions" url="HDRCMVCP"></mapID>
    <mapID target="chapter2_optional_part_rename_exit" url="HDRPRPE3"></mapID>
    <mapID target="chapter2_service_process_considerations" url="HDRSERPLN"></mapID>
    <mapID target="chapter2_cmvc_and_bps" url="Header_36"></mapID>
    <mapID target="chapter2_concurrent_dev_support" url="Header_37"></mapID>
    <mapID target="chapter2_passticket_support" url="Header_38"></mapID>
    <mapID target="chapter2_apar_part_restriction" url="HDRRESAP"></mapID>
    <mapID target="chapter2_ptf_build_and_force_supercede" url="Header_40"></mapID>
    <mapID target="chapter2_ptf_testing" url="HDRCONTPS"></mapID>
    <mapID target="chapter2_migration_considerations" url="HDRMIGPLN"></mapID>
    <mapID target="chapter2_migrating_from_clear" url="HDRCLEAR"></mapID>
    <mapID target="chapter2_migrating_from_spa" url="HDRSPA"></mapID>
    <mapID target="chapter2_server_move_considerations" url="wq12"></mapID>
    <mapID target="chapter3_installation" url="HDRINSTALL"></mapID>
    <mapID target="chapter3_downloading_the_client_code" url="wq13"></mapID>
    <mapID target="chapter3_downloading_the_b390_client" url="header_46"></mapID>
    <mapID target="chapter3_downloading_the_client_for_OS390" url="header_46b"></mapID>
    <mapID target="chapter3_installing_b390_client_for_windows" url="hdrinswin"></mapID>
    <mapID target="chapter3_installing_win_client" url="hdrinswin"></mapID>
    <mapID target="chapter3_upgrading_client_from_previous_version_of_client" url="hdrucbinv"></mapID>
    <mapID target="chapter3_rolling_back_to_the_previous_version_of_client" url="hdrollbk"></mapID>
    <mapID target="chapter3_uninstalling_the_current_version_of_the_client" url="hdrunins"></mapID>
    <mapID target="chapter3_installing_the_uss_command_line_client" url="HDRINSUSS"></mapID>
    <mapID target="chapter3_installing_the_uss_command_line_client_for_the_first_time" url="h1xopt1"></mapID>
    <mapID target="chapter3_upgrading_the_uss_command_line_client_from_a_previous_version" url="h1xopt2"></mapID>
    <mapID target="chapter3_rolling_back_the_uss_command_line_client_to_a_previous_version" url="h1xopt3"></mapID>
    <mapID target="chapter3_uninstalling_the_uss_command_line_client" url="h1xopt4"></mapID>
    <mapID target="chapter3_testing_the_installation" url="HDRTESTINS"></mapID>
    <mapID target="chapter4_setup_SetupDialog" url="HDRSETUP"></mapID>
    <mapID target="chapter4_before_you_begin" url="Header_54"></mapID>
    <mapID target="chapter4_creating_setup" url="Header_55"></mapID>
    <mapID target="chapter4_starting_the_client" url="header_56"></mapID>
    <mapID target="chapter4__entering_initial_setup_info" url="Header_57"></mapID>
    <mapID target="chapter4_settingup_server" url="HDRSETUPC"></mapID>
    <mapID target="chapter4_setup_b390_server_NewMainframeDialog" url="HDRSUYBSC"></mapID>
    <mapID target="chapter4_setup_cmvc_server_NewFamilyDialog" url="HDRSUYLSC"></mapID>
    <mapID target="chapter4_setup_bps_server_NewBPSDialog" url="HDRSUYBPSS"></mapID>
    <mapID target="chapter4_setup_custom_editor" url="HDRSUACE"></mapID>
    <mapID target="chapter4_creating_setup_for_uss" url="HDRCLSETU"></mapID>
    <mapID target="chapter4_enable_client_to_send_email" url="HDRECSM"></mapID>
    <mapID target="chapter5_using_b390_client_gui" url="HDRGUI"></mapID>
    <mapID target="chapter5_before_you_begin" url="HDRGUIBEF"></mapID>
    <mapID target="chapter5_starting_b390_gui" url="HDRGUISTR"></mapID>
    <mapID target="chapter5_b390_gui_optional_settings" url="HDRGUIOPT"></mapID>
    <mapID target="chapter5_reenter_b390_server_pw" url="Header_71"></mapID>
    <mapID target="chapter5_debug" url="Header_72"></mapID>
    <mapID target="chapter5_hold_output_on_host" url="Header_73"></mapID>
    <mapID target="chatper5_trace_verb_calls" url="HDRTVCALLS"></mapID>
    <mapID target="chapter5_standard_error" url="Header_75"></mapID>
    <mapID target="chapter6_b390_uss_command_line_client" url="HDRCMDLN"></mapID>
    <mapID target="chapter6_before_you_begin" url="HDRCLOBEF"></mapID>
    <mapID target="chapter6_ode_commands" url="HDRODECMD"></mapID>
    <mapID target="chapter6_syntax_supported" url="HDRSYNTAX"></mapID>
    <mapID target="chapter6_syntax_winnt_2000" url="Header_80"></mapID>
    <mapID target="chapter6_syntax_win95_98" url="HDRW9598"></mapID>
    <mapID target="chapter6_syntax_uss" url="Header_82"></mapID>
    <mapID target="chapter6_parameter_description" url="Header_83"></mapID>
    <mapID target="chapter6_parameter_command" url="Header_84"></mapID>
    <mapID target="chapter6_keyword_value" url="HDRCMDKV"></mapID>
    <mapID target="chapter6_special_case_of_pw" url="Header_86"></mapID>
    <mapID target="chapter6_setup_overrides" url="HDRCMDLSO"></mapID>
    <mapID target="chapter6_b390_host" url="Header_88"></mapID>
    <mapID target="chapter6_source_library" url="Header_89"></mapID>
    <mapID target="chapter6_service" url="Header_90"></mapID>
    <mapID target="chapter6_option" url="Header_91"></mapID>
    <mapID target="chapter6_optional_parameters" url="HDROP"></mapID>
    <mapID target="chapter6_parmfile" url="HDRPF3"></mapID>
    <mapID target="chapter6_return_codes" url="HDRRC"></mapID>
    <mapID target="chapter6_getting_help" url="HDRGH"></mapID>
    <mapID target="chapter7_managing_releases_ManagePage" url="HDRMAN"></mapID>
    <mapID target="chapter7_before_you_begin" url="Header_97"></mapID>
    <mapID target="chapter7_creating_a_release_NewShadowDialog" url="HDRCR"></mapID>
    <mapID target="chapter7_creating_release_gui" url="Header_99"></mapID>
    <mapID target="chapter7_creating_release_cmd_line" url="header_100"></mapID>
    <mapID target="chapter7_creating_driver_DriverOverrides" url="HDRCAD"></mapID>
    <mapID target="chapter7_creating_driver_NewDriverTypeDialog" url="HDRCAD"></mapID>
    <mapID target="chapter7_creating_driver_NewShadowDialog" url="HDRCAD"></mapID>
    <mapID target="chapter7_creating_driver_gui" url="Header_102"></mapID>
    <mapID target="chapter7_creating_driver_cmd_line" url="Header_103"></mapID>
    <mapID target="chapter7_deleting_release_and_driver" url="HDRDRAD"></mapID>
    <mapID target="chapter7_deleting_release_driver_gui" url="Header_105"></mapID>
    <mapID target="chapter7_deleting_release_driver_cmd_line" url="Header_106"></mapID>
    <mapID target="chapter7_finding_driver" url="HDRFINDD"></mapID>
    <mapID target="chapter7_finding_driver_gui" url="Header_108"></mapID>
    <mapID target="chapter7_finding_driver_cmd_line" url="Header_109"></mapID>
    <mapID target="chapter7_sorting_drivers" url="hdrsord"></mapID>
    <mapID target="chapter7_sorting_drivers_gui" url="wq31"></mapID>
    <mapID target="chapter7_sorting_drivers_cmd_line" url="wq33"></mapID>
    <mapID target="chapter7_reports_relases_and_drivers_PDTReportPartInfoDialog" url="HDRGRARAD"></mapID>
    <mapID target="chapter7_reports_relases_and_drivers_ReportTypeDialog" url="HDRGRARAD"></mapID>
    <mapID target="chapter7_reports_releases_and_drivers_gui" url="Header_111"></mapID>
    <mapID target="chapter7_reports_releases_and_drivers_cmd_line" url="Header_112"></mapID>
    <mapID target="chapter7_reports_metadata_validation" url="HDRGMVR"></mapID>
    <mapID target="chapter7_reports_metadata_validation_gui" url="Header_114"></mapID>
    <mapID target="chapter7_reports_metadata_validation_cmd_line" url="Header_115"></mapID>
    <mapID target="chapter7_retrieving_data_from_driver_LogRetrievePage" url="HDRRDFAD"></mapID>
    <mapID target="chapter7_retrieving_data_from_driver_SmodRetrievePage" url="HDRRDFAD"></mapID>
    <mapID target="chapter7_find_function_LocalRetrievePartFinder" url="SPTLRFND"></mapID>
    <mapID target="chapter7_retrieving_data_from_driver_gui" url="Header_117"></mapID>
    <mapID target="chapter7_retrieving_data_from_driver_cmd_line" url="Header_118"></mapID>
    <mapID target="chapter7_viewing_config" url="HDRCONFIG"></mapID>
    <mapID target="chapter7_viewiing_config_data_gui" url="Header_120"></mapID>
    <mapID target="chapter7_viewing_config_data_cmd_line" url="Header_121"></mapID>
    <mapID target="chapter8_managing_builds_DriverBuildPage" url="HDRBUILD"></mapID>
    <mapID target="chapter8_managing_builds_DriverBuildPage" url="HDRDB"></mapID>
    <mapID target="chapter8_driver_build" url="HDRDB"></mapID>
    <mapID target="chapter8_driver_build_overview" url="Header_124"></mapID>
    <mapID target="chapter8_driver_build_build_phases" url="Header_125"></mapID>
    <mapID target="chapter8_driver_build_gui" url="Header_126"></mapID>
    <mapID target="chapter8_driver_build_options_DriverAddBuildSettings" url="SPTABSET"></mapID>
    <mapID target="chapter8_running_a_driver_build" url="HDRRUNDB"></mapID>
    <mapID target="chapter8_partlist_restrictions_RestrictDialog" url="SPTRES"></mapID>
    <mapID target="chapter8_restarting_a_driver_build" url="Header_128"></mapID>
    <mapID target="chapter8_copying_a_driver_build" url="Header_129"></mapID>
    <mapID target="chapter8_sample_driver_build" url="Header_130"></mapID>
    <mapID target="chapter8_driver_build_uss_cmd_line" url="Header_131"></mapID>
    <mapID target="chapter8_driver_build_troubleshooting" url="HDRUBTIPS"></mapID>
    <mapID target="chapter8_user_build" url="HDRUB"></mapID>
    <mapID target="chapter8_user_build_LocalPartsUserBuildPage" url="HDRUB"></mapID>
    <mapID target="chapter8_user_build_PDSUserBuildPage" url="HDRUB"></mapID>
    <mapID target="chapter8_user_build_NewBuildDialog" url="HDRUB"></mapID>
    <mapID target="chapter8_user_build_before_you_begin" url="HDRUBBYB"></mapID>
    <mapID target="chapter8_user_build_build_phases" url="Header_135"></mapID>
    <mapID target="chapter8_user_build_gui" url="Header_136"></mapID>
    <mapID target="chapter8_running_a_user_build" url="HDRRUNUB"></mapID>
    <mapID target="chapter8_editing_metadata_MetadataEditPanel" url="SPTUSEMD"></mapID>
    <mapID target="chapter8_modeling_UserBuildModelAfterDialog" url="SPTMODLING"></mapID>
    <mapID target="chapter8_multiaparbuild_NewAparDriverBuild" url="MULTIAPARBUILD"></mapID>
    <mapID target="chapter8_user_build_maclib_MacLibsDialog" url="SPTUM"></mapID>
    <mapID target="chapter8_restarting_a_user_build" url="Header_138"></mapID>
    <mapID target="chapter8_copying_a_user_build" url="Header_139"></mapID>
    <mapID target="chapter8_sample_user_build" url="HDRSUB"></mapID>
    <mapID target="chapter8_user_build_uss_cmd_line" url="Header_141"></mapID>
    <mapID target="chapter8_user_build_troubleshooting" url="Header_142"></mapID>
    <mapID target="chapter8_usermods_NewUserModDialog" url="HDRUSERMOD"></mapID>
    <mapID target="chapter8_usermods_option_OptionDialog" url="HDRBLDUM"></mapID>
    <mapID target="chapter8_usermods_option_UsermodBuildPage" url="HDRUSERMOD"></mapID>
    <mapID target="chapter8_usermods_option_UsermodFailedViewer" url="wq79"></mapID>
    <mapID target="chapter8_usermods_option_UsermodLogicViewer" url="wq72"></mapID>
    <mapID target="chapter8_usermods_gui" url="Header_144"></mapID>
    <mapID target="chapter8_running_usermod" url="HDRBLDUM"></mapID>
    <mapID target="chapter8_build_options_OptionDialog" url="SPTDPPO"></mapID>
    <mapID target="chapter8_usermods_uss_cmd_line" url="Header_146"></mapID>
    <mapID target="chapter8_service_builds_AparPkgLogicDisplayAndBuildPage" url="HDRSERVICE"></mapID>
    <mapID target="chapter8_service_builds_overview" url="HDRSERVP"></mapID>
    <mapID target="chapter8_service_error_handling_in_exit" url="HDRERRHAN"></mapID>
    <mapID target="chapter8_service_concurrent_development" url="HDRCDMODE"></mapID>
    <mapID target="chapter8_service_conflict_accept_option" url="Header_151"></mapID>
    <mapID target="chapter8_service_conflict_accept_resolution" url="Header_152"></mapID>
    <mapID target="chapter8_service_example" url="Header_153"></mapID>
    <mapID target="chapter8_apar_builds" url="HDRAPARB"></mapID>
    <mapID target="chapter8_apar_process" url="Header_155"></mapID>
    <mapID target="chapter8_apar_hold_data_AparHoldDataDialog" url="SPTHOLDDT"></mapID>
    <mapID target="chapter8_apar_requiste_logic" url="Header_156"></mapID>
    <mapID target="chapter8_apar_package_logic" url="Header_157"></mapID>
    <mapID target="chapter8_apar_uss_cmd_line" url="Header_158"></mapID>
    <mapID target="chapter8_ptf_builds_PTFDefine" url="HDRPTF"></mapID>
    <mapID target="chapter8_ptf_build_MultiplePTFFrame" url="HDRPTF"></mapID>
    <mapID target="chapter8_ptf_process" url="HDRPTFPROC"></mapID>
    <mapID target="chapter8_ptf_dependecy_processing" url="HDRDEPPROC"></mapID>
    <mapID target="chapter8_ptf_define_dialog" url="HDRPTFLDS"></mapID>
    <mapID target="chapter8_ptf_build_dialog" url="Header_163"></mapID>
    <mapID target="chapter8_ptf_PTFRequisiteDefiner" url="hdrreqdef"></mapID>
    <mapID target="chapter8_ptf_uss_cmd_line" url="Header_164"></mapID>
    <mapID target="chapter8_ManageProcess" url="hdrprmg"></mapID>
    <mapID target="chapter8_zip_error_information" url="hdrzip"></mapID>
    <mapID target="chapter8_restarting_a_build_Load" url="HDRRESTART"></mapID>
    <mapID target="chapter8_restarting_a_build_PhaseList" url="HDRRESTART"></mapID>
    <mapID target="chapter8_restarting_a_build_PhaseLoad" url="HDRRESTART"></mapID>
    <mapID target="chapter8_restarting_a_build_Reload" url="HDRRESTART"></mapID>
    <mapID target="chapter8_restarting_a_build_ZipCommentsDialog" url="HDRRESTART"></mapID>
    <mapID target="chapter8_cleaning_up_after_a_build" url="hdrcleanup"></mapID>
    <mapID target="chapter8_moving_a_build" url="HDRMOVING"></mapID>
    <mapID target="chapter9_managing_metadata_MetadataPages" url="HDREDITOR"></mapID>
    <!-- start new mde stuff -->
    <mapID target="chapter9_main_part_metadata_editor" url="InvokeFromMainMenu"></mapID>
    <mapID target="chapter9_using_tabbed_parts_chooser" url="chooser"></mapID>
    <mapID target="chapter9_example_parts_not_in_driver" url="wq110"></mapID>
    <mapID target="chapter9_single_metadata_editor" url="single"></mapID>
    <mapID target="chapter9_batch_metadata_editor" url="metabatch"></mapID>
    <mapID target="chapter9_example_using_batch_metadata_editor" url="wq131"></mapID>
    <mapID target="chapter9_example_using_batch_metadata_editor_option1" url="wq132"></mapID>
    <mapID target="chapter9_example_using_batch_metadata_editor_option2" url="wq134"></mapID>
    <mapID target="chapter9_filtering_and_replacing_metadata" url="filtermeta"></mapID>
    <mapID target="chapter9_filter_metadata_host" url="fltrhost"></mapID>
    <mapID target="chapter9_filter_metadata_host_history" url="metahist"></mapID>
    <mapID target="chapter9_filter_metadata_cmvc" url="fltmtdcm"></mapID>
    <mapID target="chapter9_replace_metadata_cmvc" url="replacecmvc"></mapID>
    <mapID target="chapter9_filter_metadata_host_cmvc" url="FilterHostAndCmvc"></mapID>
    <mapID target="chapter9_replace_metadata_host_cmvc" url="replace"></mapID>
    <mapID target="chapter9_replace_metadata_cmvc" url="ReplaceCmvc"></mapID>
    <mapID target="chapter9_single_metadata_expression_entry" url="fltrhost"></mapID>
    <!-- end new mde stuff -->
    <mapID target="chapter9_part_metadata" url="HDRMDTYP"></mapID>
    <mapID target="chapter9_metadata_updates_in_concurrent_dev" url="HDRMETADCD"></mapID>
    <mapID target="chapter9_notification_of_metadata" url="HDRMETADEM"></mapID>
    <mapID target="chapter9_using_the_metadata_editor" url="HDRIMDE"></mapID>
    <mapID target="chapter9_part_metadata_editor" url="Header_175"></mapID>
    <mapID target="chapter9_track_metadata_editor" url="Header_176"></mapID>
    <mapID target="chapter10_scheduling_a_job_JobSchedulerPage" url="HDRSCHEDUL"></mapID>
    <mapID target="chapter10_scheduler_functions_ScheduleEditJobInfo" url="SPTSCHADD"></mapID>
    <mapID target="chapter10_scheduler_functions_ScheduleGeneralUpdate" url="SPTSCHADD"></mapID>
    <mapID target="chapter11_troubleshooting" url="HDRERRORS"></mapID>
    <mapID target="chapter11_obtaining_error_info" url="HDRERRINFO"></mapID>
    <mapID target="chapter11_reporting_errors_to_dev" url="HDRZIPINFO"></mapID>
    <mapID target="chapter11_common_problems" url="HDRTYPERRS"></mapID>
    <mapID target="chapter11_build_is_hung" url="HDRCP1"></mapID>
    <mapID target="chapter11_build_status_asterisk_appended" url="HDRCP2"></mapID>
    <mapID target="chapter11_b390_will_not_accept_password" url="HDRCP3"></mapID>
    <mapID target="chapter11_b390_cmd_falied_in_win95" url="HDRCP4"></mapID>
    <mapID target="chapter11_eror_when_query_to_library" url="HDRCP5"></mapID>
    <mapID target="chapter11_msg_job_number_flushed" url="HDRCP6"></mapID>
    <mapID target="chapter11_msg_set_nlspath" url="HDRCP7"></mapID>
    <mapID target="chapter11_msg_cant_find_class_mbclient" url="HDRCP8"></mapID>
    <mapID target="chapter11_msg_error_loading_ser_file" url="HDRCP9"></mapID>
    <mapID target="chapter11_msg_out_of_environment_space" url="HDRCP10"></mapID>
    <mapID target="chapter11_apar_doesnt_exit_error" url="HDRCP11"></mapID>
    <mapID target="chapter11_metadata_error" url="HDRCP12"></mapID>
    <mapID target="chapter11_win95_crashes_large_builds" url="HDRCP13"></mapID>
    <mapID target="chapter11_win95_crashes_large_builds" url="HDRCP13"></mapID>
    <mapID target="chapterfig_requisite_ptfdefiner" url="REQDEFINER"></mapID>
    <mapID target="chapterfig_unfrozen_ptfchooser" url="UNFROZENPTFLIST"></mapID>
    <mapID target="integrate_local_help" url="integrhelp"></mapID>
    <mapID target="local_site_specific_help" url="SiteSpecificDocumentation.html"></mapID>
</map>